// Jest Snapshot v1, https://goo.gl/fbAQLP

exports[`<Button /> should render correctly 1`] = `
<button
  className="link"
  disabled={false}
  onClick={null}
  type="button"
>
  <Label
    copy={null}
    size="sm"
  >
    i am a button
  </Label>
</button>
`;
